[2025-08-20 08:44:55,647] [INFO] [real_accelerator.py:254:get_accelerator] Setting ds_accelerator to cuda (auto detect)
[2025-08-20 08:44:57,988] [INFO] [logging.py:107:log_dist] [Rank -1] [TorchCheckpointEngine] Initialized with serialization = False
2025-08-20 08:44:59.181002: I tensorflow/core/util/port.cc:153] oneDNN custom operations are on. You may see slightly different numerical results due to floating-point round-off errors from different computation orders. To turn them off, set the environment variable `TF_ENABLE_ONEDNN_OPTS=0`.
2025-08-20 08:44:59.221200: I tensorflow/core/platform/cpu_feature_guard.cc:210] This TensorFlow binary is optimized to use available CPU instructions in performance-critical operations.
To enable the following instructions: AVX2 AVX512F AVX512_VNNI AVX512_BF16 AVX512_FP16 AVX_VNNI AMX_TILE AMX_INT8 AMX_BF16 FMA, in other operations, rebuild TensorFlow with the appropriate compiler flags.
2025-08-20 08:45:00.041628: I tensorflow/core/util/port.cc:153] oneDNN custom operations are on. You may see slightly different numerical results due to floating-point round-off errors from different computation orders. To turn them off, set the environment variable `TF_ENABLE_ONEDNN_OPTS=0`.
[2025-08-20 08:45:00,560] [WARNING] [runner.py:220:fetch_hostfile] Unable to find hostfile, will proceed with training with local resources only.
[2025-08-20 08:45:00,560] [INFO] [runner.py:610:main] cmd = /home/ubuntu/miniconda3/envs/unisign/bin/python3 -u -m deepspeed.launcher.launch --world_info=eyJsb2NhbGhvc3QiOiBbMCwgMSwgMiwgMywgNCwgNSwgNiwgN119 --master_addr=127.0.0.1 --master_port=29511 --enable_each_rank_log=None pre_training.py --batch-size 48 --gradient-accumulation-steps 2 --epochs 20 --opt AdamW --lr 3e-4 --quick_break 2048 --output_dir out/stage1_pretraining --dataset CSL_News
[2025-08-20 08:45:02,226] [INFO] [real_accelerator.py:254:get_accelerator] Setting ds_accelerator to cuda (auto detect)
[2025-08-20 08:45:04,929] [INFO] [logging.py:107:log_dist] [Rank -1] [TorchCheckpointEngine] Initialized with serialization = False
2025-08-20 08:45:06.203552: I tensorflow/core/util/port.cc:153] oneDNN custom operations are on. You may see slightly different numerical results due to floating-point round-off errors from different computation orders. To turn them off, set the environment variable `TF_ENABLE_ONEDNN_OPTS=0`.
2025-08-20 08:45:06.245444: I tensorflow/core/platform/cpu_feature_guard.cc:210] This TensorFlow binary is optimized to use available CPU instructions in performance-critical operations.
To enable the following instructions: AVX2 AVX512F AVX512_VNNI AVX512_BF16 AVX512_FP16 AVX_VNNI AMX_TILE AMX_INT8 AMX_BF16 FMA, in other operations, rebuild TensorFlow with the appropriate compiler flags.
2025-08-20 08:45:07.122375: I tensorflow/core/util/port.cc:153] oneDNN custom operations are on. You may see slightly different numerical results due to floating-point round-off errors from different computation orders. To turn them off, set the environment variable `TF_ENABLE_ONEDNN_OPTS=0`.
[2025-08-20 08:45:07,660] [INFO] [launch.py:146:main] WORLD INFO DICT: {'localhost': [0, 1, 2, 3, 4, 5, 6, 7]}
[2025-08-20 08:45:07,660] [INFO] [launch.py:152:main] nnodes=1, num_local_procs=8, node_rank=0
[2025-08-20 08:45:07,660] [INFO] [launch.py:163:main] global_rank_mapping=defaultdict(<class 'list'>, {'localhost': [0, 1, 2, 3, 4, 5, 6, 7]})
[2025-08-20 08:45:07,660] [INFO] [launch.py:164:main] dist_world_size=8
[2025-08-20 08:45:07,660] [INFO] [launch.py:168:main] Setting CUDA_VISIBLE_DEVICES=0,1,2,3,4,5,6,7
[2025-08-20 08:45:07,690] [INFO] [launch.py:256:main] process 970440 spawned with command: ['/home/ubuntu/miniconda3/envs/unisign/bin/python3', '-u', 'pre_training.py', '--local_rank=0', '--batch-size', '48', '--gradient-accumulation-steps', '2', '--epochs', '20', '--opt', 'AdamW', '--lr', '3e-4', '--quick_break', '2048', '--output_dir', 'out/stage1_pretraining', '--dataset', 'CSL_News']
[2025-08-20 08:45:07,712] [INFO] [launch.py:256:main] process 970441 spawned with command: ['/home/ubuntu/miniconda3/envs/unisign/bin/python3', '-u', 'pre_training.py', '--local_rank=1', '--batch-size', '48', '--gradient-accumulation-steps', '2', '--epochs', '20', '--opt', 'AdamW', '--lr', '3e-4', '--quick_break', '2048', '--output_dir', 'out/stage1_pretraining', '--dataset', 'CSL_News']
[2025-08-20 08:45:07,728] [INFO] [launch.py:256:main] process 970442 spawned with command: ['/home/ubuntu/miniconda3/envs/unisign/bin/python3', '-u', 'pre_training.py', '--local_rank=2', '--batch-size', '48', '--gradient-accumulation-steps', '2', '--epochs', '20', '--opt', 'AdamW', '--lr', '3e-4', '--quick_break', '2048', '--output_dir', 'out/stage1_pretraining', '--dataset', 'CSL_News']
[2025-08-20 08:45:07,747] [INFO] [launch.py:256:main] process 970443 spawned with command: ['/home/ubuntu/miniconda3/envs/unisign/bin/python3', '-u', 'pre_training.py', '--local_rank=3', '--batch-size', '48', '--gradient-accumulation-steps', '2', '--epochs', '20', '--opt', 'AdamW', '--lr', '3e-4', '--quick_break', '2048', '--output_dir', 'out/stage1_pretraining', '--dataset', 'CSL_News']
[2025-08-20 08:45:07,767] [INFO] [launch.py:256:main] process 970444 spawned with command: ['/home/ubuntu/miniconda3/envs/unisign/bin/python3', '-u', 'pre_training.py', '--local_rank=4', '--batch-size', '48', '--gradient-accumulation-steps', '2', '--epochs', '20', '--opt', 'AdamW', '--lr', '3e-4', '--quick_break', '2048', '--output_dir', 'out/stage1_pretraining', '--dataset', 'CSL_News']
[2025-08-20 08:45:07,786] [INFO] [launch.py:256:main] process 970445 spawned with command: ['/home/ubuntu/miniconda3/envs/unisign/bin/python3', '-u', 'pre_training.py', '--local_rank=5', '--batch-size', '48', '--gradient-accumulation-steps', '2', '--epochs', '20', '--opt', 'AdamW', '--lr', '3e-4', '--quick_break', '2048', '--output_dir', 'out/stage1_pretraining', '--dataset', 'CSL_News']
[2025-08-20 08:45:07,807] [INFO] [launch.py:256:main] process 970446 spawned with command: ['/home/ubuntu/miniconda3/envs/unisign/bin/python3', '-u', 'pre_training.py', '--local_rank=6', '--batch-size', '48', '--gradient-accumulation-steps', '2', '--epochs', '20', '--opt', 'AdamW', '--lr', '3e-4', '--quick_break', '2048', '--output_dir', 'out/stage1_pretraining', '--dataset', 'CSL_News']
[2025-08-20 08:45:07,826] [INFO] [launch.py:256:main] process 970447 spawned with command: ['/home/ubuntu/miniconda3/envs/unisign/bin/python3', '-u', 'pre_training.py', '--local_rank=7', '--batch-size', '48', '--gradient-accumulation-steps', '2', '--epochs', '20', '--opt', 'AdamW', '--lr', '3e-4', '--quick_break', '2048', '--output_dir', 'out/stage1_pretraining', '--dataset', 'CSL_News']
[2025-08-20 08:45:11,414] [INFO] [real_accelerator.py:254:get_accelerator] Setting ds_accelerator to cuda (auto detect)
[2025-08-20 08:45:11,889] [INFO] [real_accelerator.py:254:get_accelerator] Setting ds_accelerator to cuda (auto detect)
[2025-08-20 08:45:12,606] [INFO] [real_accelerator.py:254:get_accelerator] Setting ds_accelerator to cuda (auto detect)
[2025-08-20 08:45:12,780] [INFO] [real_accelerator.py:254:get_accelerator] Setting ds_accelerator to cuda (auto detect)
[2025-08-20 08:45:13,182] [INFO] [logging.py:107:log_dist] [Rank -1] [TorchCheckpointEngine] Initialized with serialization = False
[2025-08-20 08:45:13,192] [INFO] [real_accelerator.py:254:get_accelerator] Setting ds_accelerator to cuda (auto detect)
[2025-08-20 08:45:13,318] [INFO] [logging.py:107:log_dist] [Rank -1] [TorchCheckpointEngine] Initialized with serialization = False
[2025-08-20 08:45:13,415] [INFO] [real_accelerator.py:254:get_accelerator] Setting ds_accelerator to cuda (auto detect)
2025-08-20 08:45:14.172024: I tensorflow/core/util/port.cc:153] oneDNN custom operations are on. You may see slightly different numerical results due to floating-point round-off errors from different computation orders. To turn them off, set the environment variable `TF_ENABLE_ONEDNN_OPTS=0`.
2025-08-20 08:45:14.218965: I tensorflow/core/platform/cpu_feature_guard.cc:210] This TensorFlow binary is optimized to use available CPU instructions in performance-critical operations.
To enable the following instructions: AVX2 AVX512F AVX512_VNNI AVX512_BF16 AVX512_FP16 AVX_VNNI AMX_TILE AMX_INT8 AMX_BF16 FMA, in other operations, rebuild TensorFlow with the appropriate compiler flags.
[2025-08-20 08:45:14,504] [INFO] [logging.py:107:log_dist] [Rank -1] [TorchCheckpointEngine] Initialized with serialization = False
2025-08-20 08:45:14.821820: I tensorflow/core/util/port.cc:153] oneDNN custom operations are on. You may see slightly different numerical results due to floating-point round-off errors from different computation orders. To turn them off, set the environment variable `TF_ENABLE_ONEDNN_OPTS=0`.
2025-08-20 08:45:14.889898: I tensorflow/core/platform/cpu_feature_guard.cc:210] This TensorFlow binary is optimized to use available CPU instructions in performance-critical operations.
To enable the following instructions: AVX2 AVX512F AVX512_VNNI AVX512_BF16 AVX512_FP16 AVX_VNNI AMX_TILE AMX_INT8 AMX_BF16 FMA, in other operations, rebuild TensorFlow with the appropriate compiler flags.
[2025-08-20 08:45:14,893] [INFO] [logging.py:107:log_dist] [Rank -1] [TorchCheckpointEngine] Initialized with serialization = False
[2025-08-20 08:45:15,054] [INFO] [real_accelerator.py:254:get_accelerator] Setting ds_accelerator to cuda (auto detect)
[2025-08-20 08:45:15,129] [INFO] [logging.py:107:log_dist] [Rank -1] [TorchCheckpointEngine] Initialized with serialization = False
[2025-08-20 08:45:15,306] [INFO] [real_accelerator.py:254:get_accelerator] Setting ds_accelerator to cuda (auto detect)
2025-08-20 08:45:15.417548: I tensorflow/core/util/port.cc:153] oneDNN custom operations are on. You may see slightly different numerical results due to floating-point round-off errors from different computation orders. To turn them off, set the environment variable `TF_ENABLE_ONEDNN_OPTS=0`.
2025-08-20 08:45:15.472195: I tensorflow/core/util/port.cc:153] oneDNN custom operations are on. You may see slightly different numerical results due to floating-point round-off errors from different computation orders. To turn them off, set the environment variable `TF_ENABLE_ONEDNN_OPTS=0`.
2025-08-20 08:45:15.520627: I tensorflow/core/platform/cpu_feature_guard.cc:210] This TensorFlow binary is optimized to use available CPU instructions in performance-critical operations.
To enable the following instructions: AVX2 AVX512F AVX512_VNNI AVX512_BF16 AVX512_FP16 AVX_VNNI AMX_TILE AMX_INT8 AMX_BF16 FMA, in other operations, rebuild TensorFlow with the appropriate compiler flags.
[2025-08-20 08:45:15,531] [INFO] [logging.py:107:log_dist] [Rank -1] [TorchCheckpointEngine] Initialized with serialization = False
| distributed init (rank 7): env://
[2025-08-20 08:45:16,133] [INFO] [comm.py:821:init_distributed] cdb=None
[rank7]:[W820 08:45:16.991052502 ProcessGroupNCCL.cpp:4561] [PG ID 0 PG GUID 0 Rank 7]  using GPU 7 to perform barrier as devices used by this process are currently unknown. This can potentially cause a hang if this rank to GPU mapping is incorrect. Specify device_ids in barrier() to force use of a particular device, or call init_process_group() with a device_id.
[rank7]: Traceback (most recent call last):
[rank7]:   File "/data_benchmark/Uni-Sign/pre_training.py", line 327, in <module>
[rank7]:     main(args)
[rank7]:   File "/data_benchmark/Uni-Sign/pre_training.py", line 24, in main
[rank7]:     utils.init_distributed_mode_ds(args)
[rank7]:   File "/data_benchmark/Uni-Sign/utils.py", line 351, in init_distributed_mode_ds
[rank7]:     tdist.barrier()
[rank7]:   File "/home/ubuntu/miniconda3/envs/unisign/lib/python3.9/site-packages/torch/distributed/c10d_logger.py", line 81, in wrapper
[rank7]:     return func(*args, **kwargs)
[rank7]:   File "/home/ubuntu/miniconda3/envs/unisign/lib/python3.9/site-packages/torch/distributed/distributed_c10d.py", line 4551, in barrier
[rank7]:     work = group.barrier(opts=opts)
[rank7]: torch.distributed.DistBackendError: NCCL error in: /pytorch/torch/csrc/distributed/c10d/NCCLUtils.hpp:268, unhandled system error (run with NCCL_DEBUG=INFO for details), NCCL version 2.21.5
[rank7]: ncclSystemError: System call (e.g. socket, malloc) or external library call failed or device error. 
[rank7]: Last error:
[rank7]: socketStartConnect: Connect to 10.40.80.11<34595> failed : Software caused connection abort
2025-08-20 08:45:16.473352: I tensorflow/core/util/port.cc:153] oneDNN custom operations are on. You may see slightly different numerical results due to floating-point round-off errors from different computation orders. To turn them off, set the environment variable `TF_ENABLE_ONEDNN_OPTS=0`.
2025-08-20 08:45:16.554699: I tensorflow/core/platform/cpu_feature_guard.cc:210] This TensorFlow binary is optimized to use available CPU instructions in performance-critical operations.
To enable the following instructions: AVX2 AVX512F AVX512_VNNI AVX512_BF16 AVX512_FP16 AVX_VNNI AMX_TILE AMX_INT8 AMX_BF16 FMA, in other operations, rebuild TensorFlow with the appropriate compiler flags.
2025-08-20 08:45:16.650235: I tensorflow/core/util/port.cc:153] oneDNN custom operations are on. You may see slightly different numerical results due to floating-point round-off errors from different computation orders. To turn them off, set the environment variable `TF_ENABLE_ONEDNN_OPTS=0`.
2025-08-20 08:45:16.718245: I tensorflow/core/platform/cpu_feature_guard.cc:210] This TensorFlow binary is optimized to use available CPU instructions in performance-critical operations.
To enable the following instructions: AVX2 AVX512F AVX512_VNNI AVX512_BF16 AVX512_FP16 AVX_VNNI AMX_TILE AMX_INT8 AMX_BF16 FMA, in other operations, rebuild TensorFlow with the appropriate compiler flags.
2025-08-20 08:45:16.721754: I tensorflow/core/util/port.cc:153] oneDNN custom operations are on. You may see slightly different numerical results due to floating-point round-off errors from different computation orders. To turn them off, set the environment variable `TF_ENABLE_ONEDNN_OPTS=0`.
2025-08-20 08:45:16.830806: I tensorflow/core/util/port.cc:153] oneDNN custom operations are on. You may see slightly different numerical results due to floating-point round-off errors from different computation orders. To turn them off, set the environment variable `TF_ENABLE_ONEDNN_OPTS=0`.
2025-08-20 08:45:16.871387: I tensorflow/core/platform/cpu_feature_guard.cc:210] This TensorFlow binary is optimized to use available CPU instructions in performance-critical operations.
To enable the following instructions: AVX2 AVX512F AVX512_VNNI AVX512_BF16 AVX512_FP16 AVX_VNNI AMX_TILE AMX_INT8 AMX_BF16 FMA, in other operations, rebuild TensorFlow with the appropriate compiler flags.
[2025-08-20 08:45:16,990] [INFO] [logging.py:107:log_dist] [Rank -1] [TorchCheckpointEngine] Initialized with serialization = False
2025-08-20 08:45:17.161921: I tensorflow/core/util/port.cc:153] oneDNN custom operations are on. You may see slightly different numerical results due to floating-point round-off errors from different computation orders. To turn them off, set the environment variable `TF_ENABLE_ONEDNN_OPTS=0`.
| distributed init (rank 2): env://
[2025-08-20 08:45:17,487] [INFO] [comm.py:821:init_distributed] cdb=None
[rank2]:[W820 08:45:17.344875219 ProcessGroupNCCL.cpp:4561] [PG ID 0 PG GUID 0 Rank 2]  using GPU 2 to perform barrier as devices used by this process are currently unknown. This can potentially cause a hang if this rank to GPU mapping is incorrect. Specify device_ids in barrier() to force use of a particular device, or call init_process_group() with a device_id.
[2025-08-20 08:45:17,562] [INFO] [logging.py:107:log_dist] [Rank -1] [TorchCheckpointEngine] Initialized with serialization = False
[rank2]: Traceback (most recent call last):
[rank2]:   File "/data_benchmark/Uni-Sign/pre_training.py", line 327, in <module>
[rank2]:     main(args)
[rank2]:   File "/data_benchmark/Uni-Sign/pre_training.py", line 24, in main
[rank2]:     utils.init_distributed_mode_ds(args)
[rank2]:   File "/data_benchmark/Uni-Sign/utils.py", line 351, in init_distributed_mode_ds
[rank2]:     tdist.barrier()
[rank2]:   File "/home/ubuntu/miniconda3/envs/unisign/lib/python3.9/site-packages/torch/distributed/c10d_logger.py", line 81, in wrapper
[rank2]:     return func(*args, **kwargs)
[rank2]:   File "/home/ubuntu/miniconda3/envs/unisign/lib/python3.9/site-packages/torch/distributed/distributed_c10d.py", line 4551, in barrier
[rank2]:     work = group.barrier(opts=opts)
[rank2]: torch.distributed.DistBackendError: NCCL error in: /pytorch/torch/csrc/distributed/c10d/NCCLUtils.hpp:268, unhandled system error (run with NCCL_DEBUG=INFO for details), NCCL version 2.21.5
[rank2]: ncclSystemError: System call (e.g. socket, malloc) or external library call failed or device error. 
[rank2]: Last error:
[rank2]: socketStartConnect: Connect to 10.40.80.11<34595> failed : Software caused connection abort
| distributed init (rank 0): env://
[2025-08-20 08:45:17,794] [INFO] [comm.py:821:init_distributed] cdb=None
[2025-08-20 08:45:17,795] [INFO] [comm.py:852:init_distributed] Initializing TorchBackend in DeepSpeed with backend nccl
Traceback (most recent call last):
  File "/data_benchmark/Uni-Sign/pre_training.py", line 327, in <module>
    main(args)
  File "/data_benchmark/Uni-Sign/pre_training.py", line 24, in main
    utils.init_distributed_mode_ds(args)
  File "/data_benchmark/Uni-Sign/utils.py", line 350, in init_distributed_mode_ds
    deepspeed.init_distributed()
  File "/home/ubuntu/miniconda3/envs/unisign/lib/python3.9/site-packages/deepspeed/comm/comm.py", line 854, in init_distributed
    cdb = TorchBackend(dist_backend, timeout, init_method, rank, world_size)
  File "/home/ubuntu/miniconda3/envs/unisign/lib/python3.9/site-packages/deepspeed/comm/torch.py", line 120, in __init__
    self.init_process_group(backend, timeout, init_method, rank, world_size)
  File "/home/ubuntu/miniconda3/envs/unisign/lib/python3.9/site-packages/deepspeed/comm/torch.py", line 163, in init_process_group
    torch.distributed.init_process_group(backend, **kwargs)
  File "/home/ubuntu/miniconda3/envs/unisign/lib/python3.9/site-packages/torch/distributed/c10d_logger.py", line 81, in wrapper
    return func(*args, **kwargs)
  File "/home/ubuntu/miniconda3/envs/unisign/lib/python3.9/site-packages/torch/distributed/c10d_logger.py", line 95, in wrapper
    func_return = func(*args, **kwargs)
  File "/home/ubuntu/miniconda3/envs/unisign/lib/python3.9/site-packages/torch/distributed/distributed_c10d.py", line 1714, in init_process_group
    store, rank, world_size = next(rendezvous_iterator)
  File "/home/ubuntu/miniconda3/envs/unisign/lib/python3.9/site-packages/torch/distributed/rendezvous.py", line 274, in _env_rendezvous_handler
    store = _create_c10d_store(
  File "/home/ubuntu/miniconda3/envs/unisign/lib/python3.9/site-packages/torch/distributed/rendezvous.py", line 194, in _create_c10d_store
    return TCPStore(
RuntimeError: The server socket has failed to listen on any local network address. port: 29511, useIpv6: 0, code: -98, name: EADDRINUSE, message: address already in use
2025-08-20 08:45:18.062993: I tensorflow/core/util/port.cc:153] oneDNN custom operations are on. You may see slightly different numerical results due to floating-point round-off errors from different computation orders. To turn them off, set the environment variable `TF_ENABLE_ONEDNN_OPTS=0`.
2025-08-20 08:45:18.106524: I tensorflow/core/util/port.cc:153] oneDNN custom operations are on. You may see slightly different numerical results due to floating-point round-off errors from different computation orders. To turn them off, set the environment variable `TF_ENABLE_ONEDNN_OPTS=0`.
2025-08-20 08:45:18.112669: I tensorflow/core/platform/cpu_feature_guard.cc:210] This TensorFlow binary is optimized to use available CPU instructions in performance-critical operations.
To enable the following instructions: AVX2 AVX512F AVX512_VNNI AVX512_BF16 AVX512_FP16 AVX_VNNI AMX_TILE AMX_INT8 AMX_BF16 FMA, in other operations, rebuild TensorFlow with the appropriate compiler flags.
2025-08-20 08:45:18.372948: I tensorflow/core/util/port.cc:153] oneDNN custom operations are on. You may see slightly different numerical results due to floating-point round-off errors from different computation orders. To turn them off, set the environment variable `TF_ENABLE_ONEDNN_OPTS=0`.
2025-08-20 08:45:18.574049: I tensorflow/core/util/port.cc:153] oneDNN custom operations are on. You may see slightly different numerical results due to floating-point round-off errors from different computation orders. To turn them off, set the environment variable `TF_ENABLE_ONEDNN_OPTS=0`.
2025-08-20 08:45:18.580939: I tensorflow/core/util/port.cc:153] oneDNN custom operations are on. You may see slightly different numerical results due to floating-point round-off errors from different computation orders. To turn them off, set the environment variable `TF_ENABLE_ONEDNN_OPTS=0`.
2025-08-20 08:45:18.623307: I tensorflow/core/platform/cpu_feature_guard.cc:210] This TensorFlow binary is optimized to use available CPU instructions in performance-critical operations.
To enable the following instructions: AVX2 AVX512F AVX512_VNNI AVX512_BF#total 7228
Creating model:
number of params: 587.747368M
Using deepspeed to train...
Initializing deepspeed...
[2025-08-20 08:45:23,665] [INFO] [logging.py:107:log_dist] [Rank 0] DeepSpeed info: version=0.17.4, git-hash=unknown, git-branch=unknown
[2025-08-20 08:45:23,666] [INFO] [comm.py:846:init_distributed] Distributed backend already initialized
[2025-08-20 08:45:23,666] [INFO] [config.py:684:__init__] Config mesh_device None world_size = 8
[2025-08-20 08:45:23,682] [INFO] [engine.py:1339:_configure_distributed_model] ********** distributed groups summary **********
	 self.dp_world_size=8
	 self.mp_world_size=1
	 self.seq_dp_world_size=8
	 self.sequence_parallel_size=1
***********************************************
[2025-08-20 08:45:24,802] [INFO] [config.py:684:__init__] Config mesh_device None world_size = 8
[2025-08-20 08:45:25,147] [INFO] [config.py:684:__init__] Config mesh_device None world_size = 8
[2025-08-20 08:45:25,227] [INFO] [config.py:684:__init__] Config mesh_device None world_size = 8
[2025-08-20 08:45:25,839] [INFO] [config.py:684:__init__] Config mesh_device None world_size = 8
[2025-08-20 08:45:25,842] [INFO] [config.py:684:__init__] Config mesh_device None world_size = 8
[2025-08-20 08:45:26,172] [INFO] [config.py:684:__init__] Config mesh_device None world_size = 8
[2025-08-20 08:45:26,299] [INFO] [config.py:684:__init__] Config mesh_device None world_size = 8
[2025-08-20 08:45:26,603] [INFO] [logging.py:107:log_dist] [Rank 0] DeepSpeed Flops Profiler Enabled: False
[2025-08-20 08:45:26,606] [INFO] [logging.py:107:log_dist] [Rank 0] Using client Optimizer as basic optimizer
[2025-08-20 08:45:26,607] [INFO] [logging.py:107:log_dist] [Rank 0] Removing param_group that has no 'params' in the basic Optimizer
[2025-08-20 08:45:26,655] [INFO] [logging.py:107:log_dist] [Rank 0] DeepSpeed Basic Optimizer = AdamW
[2025-08-20 08:45:26,655] [INFO] [utils.py:59:is_zero_supported_optimizer] Checking ZeRO support for optimizer=AdamW type=<class 'torch.optim.adamw.AdamW'>
[2025-08-20 08:45:26,655] [INFO] [logging.py:107:log_dist] [Rank 0] Creating torch.bfloat16 ZeRO stage 2 optimizer
[2025-08-20 08:45:26,656] [INFO] [stage_1_and_2.py:172:__init__] Reduce bucket size 500000000
[2025-08-20 08:45:26,656] [INFO] [stage_1_and_2.py:173:__init__] Allgather bucket size 500000000
[2025-08-20 08:45:26,656] [INFO] [stage_1_and_2.py:174:__init__] CPU Offload: False
[2025-08-20 08:45:26,656] [INFO] [stage_1_and_2.py:175:__init__] Round robin gradient partitioning: False
[2025-08-20 08:45:38,365] [INFO] [utils.py:781:see_memory_usage] Before initializing optimizer states
[2025-08-20 08:45:38,367] [INFO] [utils.py:782:see_memory_usage] MA 1.37 GB         Max_MA 1.51 GB         CA 1.51 GB         Max_CA 2 GB 
[2025-08-20 08:45:38,367] [INFO] [utils.py:789:see_memory_usage] CPU Virtual Memory:  used = 53.4 GB, percent = 5.3%
Asking to truncate to max_length but no maximum length is provided and the model has no predefined maximum length. Default to no truncation.
Asking to truncate to max_length but no maximum length is provided and the model has no predefined maximum length. Default to no truncation.
Asking to truncate to max_length but no maximum length is provided and the model has no predefined maximum length. Default to no truncation.
[2025-08-20 08:45:39,428] [INFO] [utils.py:781:see_memory_usage] After initializing optimizer states
[2025-08-20 08:45:39,429] [INFO] [utils.py:782:see_memory_usage] MA 1.37 GB         Max_MA 1.64 GB         CA 1.79 GB         Max_CA 2 GB 
[2025-08-20 08:45:39,429] [INFO] [utils.py:789:see_memory_usage] CPU Virtual Memory:  used = 55.79 GB, percent = 5.5%
[2025-08-20 08:45:39,430] [INFO] [stage_1_and_2.py:599:__init__] optimizer state initialized
[2025-08-20 08:45:40,384] [INFO] [utils.py:781:see_memory_usage] After initializing ZeRO optimizer
[2025-08-20 08:45:40,385] [INFO] [utils.py:782:see_memory_usage] MA 1.37 GB         Max_MA 1.37 GB         CA 1.79 GB         Max_CA 2 GB 
[2025-08-20 08:45:40,385] [INFO] [utils.py:789:see_memory_usage] CPU Virtual Memory:  used = 58.6 GB, percent = 5.8%
[2025-08-20 08:45:40,388] [INFO] [logging.py:107:log_dist] [Rank 0] DeepSpeed Final Optimizer = DeepSpeedZeroOptimizer
[2025-08-20 08:45:40,389] [INFO] [logging.py:107:log_dist] [Rank 0] DeepSpeed using client LR scheduler
[2025-08-20 08:45:40,389] [INFO] [logging.py:107:log_dist] [Rank 0] DeepSpeed LR Scheduler = <torch.optim.lr_scheduler.LambdaLR object at 0x7fd0ae79dfa0>
[2025-08-20 08:45:40,389] [INFO] [logging.py:107:log_dist] [Rank 0] step=0, skipped=0, lr=[0.0003, 0.0003], mom=[(0.9, 0.999), (0.9, 0.999)]
[2025-08-20 08:45:40,392] [INFO] [logging.py:107:log_dist] [Rank 0] [TorchCheckpointEngine] Initialized with serialization = True
[2025-08-20 08:45:40,392] [INFO] [config.py:954:print] DeepSpeedEngine configuration:
[2025-08-20 08:45:40,393] [INFO] [config.py:958:print]   activation_checkpointing_config  {
    "partition_activations": false, 
    "contiguous_memory_optimization": false, 
    "cpu_checkpointing": false, 
    "number_checkpoints": null, 
    "synchronize_checkpoint_boundary": false, 
    "profile": false
}
[2025-08-20 08:45:40,393] [INFO] [config.py:958:print]   aio_config ................... {'block_size': 1048576, 'queue_depth': 8, 'intra_op_parallelism': 1, 'single_submit': False, 'overlap_events': True, 'use_gds': False}
[2025-08-20 08:45:40,394] [INFO] [config.py:958:print]   amp_enabled .................. False
[2025-08-20 08:45:40,394] [INFO] [config.py:958:print]   amp_params ................... False
[2025-08-20 08:45:40,394] [INFO] [config.py:958:print]   autotuning_config ............ {
    "enabled": false, 
    "start_step": null, 
    "end_step": null, 
    "metric_path": null, 
    "arg_mappings": null, 
    "metric": "throughput", 
    "model_info": null, 
    "results_dir": "autotuning_results", 
    "exps_dir": "autotuning_exps", 
    "overwrite": true, 
    "fast": true, 
    "start_profile_step": 3, 
    "end_profile_step": 5, 
    "tuner_type": "gridsearch", 
    "tuner_early_stopping": 5, 
    "tuner_num_trials": 50, 
    "model_info_path": null, 
    "mp_size": 1, 
    "max_train_batch_size": null, 
    "min_train_batch_size": 1, 
    "max_train_micro_batch_size_per_gpu": 1.024000e+03, 
    "min_train_micro_batch_size_per_gpu": 1, 
    "num_tuning_micro_batch_sizes": 3
}
[2025-08-20 08:45:40,394] [INFO] [config.py:958:print]   bfloat16_config .............. enabled=True immediate_grad_update=False check_grad_overflow=False
[2025-08-20 08:45:40,395] [INFO] [config.py:958:print]   checkpoint_config ............ {'tag_validation': 'WARN', 'checkpoint_serialization': True, 'writer': None}
[2025-08-20 08:45:40,395] [INFO] [config.py:958:print]   checkpoint_parallel_write_pipeline  False
[2025-08-20 08:45:40,395] [INFO] [config.py:958:print]   checkpoint_tag_validation_enabled  True
[2025-08-20 08:45:40,395] [INFO] [config.py:958:print]   checkpoint_tag_validation_fail  False
[2025-08-20 08:45:40,395] [INFO] [config.py:958:print]   comms_config ................. <deepspeed.comm.config.DeepSpeedCommsConfig object at 0x7fcfb9487400>
[2025-08-20 08:45:40,395] [INFO] [config.py:958:print]   communication_data_type ...... None
[2025-08-20 08:45:40,395] [INFO] [config.py:958:print]   compile_config ............... deepcompile=False free_activation=False offload_activation=False offload_opt_states=False double_buffer=True symmetric_memory=False debug_log=False offload_parameters=False sync_before_reduce=False sync_after_reduce=False sync_before_allgather=False sync_after_allgather=False keep_int_input_tensors=True keep_all_input_tensors=False
[2025-08-20 08:45:40,396] [INFO] [config.py:958:print]   compression_config ........... {'weight_quantization': {'shared_parameters': {'enabled': False, 'quantizer_kernel': False, 'schedule_offset': 0, 'quantize_groups': 1, 'quantize_verbose': False, 'quantization_type': 'symmetric', 'quantize_weight_in_forward': False, 'rounding': 'nearest', 'fp16_mixed_quantize': False, 'quantize_change_ratio': 0.001}, 'different_groups': {}}, 'activation_quantization': {'shared_parameters': {'enabled': False, 'quantization_type': 'symmetric', 'range_calibration': 'dynamic', 'schedule_offset': 1000}, 'different_groups': {}}, 'sparse_pruning': {'shared_parameters': {'enabled': False, 'method': 'l1', 'schedule_offset': 1000}, 'different_groups': {}}, 'row_pruning': {'shared_parameters': {'enabled': False, 'method': 'l1', 'schedule_offset': 1000}, 'different_groups': {}}, 'head_pruning': {'shared_parameters': {'enabled': False, 'method': 'topk', 'schedule_offset': 1000}, 'different_groups': {}}, 'channel_pruning': {'shared_parameters': {'enabled': False, 'method': 'l1', 'schedule_offset': 1000}, 'different_groups': {}}, 'layer_reduction': {'enabled': False}}
[2025-08-20 08:45:40,396] [INFO] [config.py:958:print]   curriculum_enabled_legacy .... False
[2025-08-20 08:45:40,396] [INFO] [config.py:958:print]   curriculum_params_legacy ..... False
[2025-08-20 08:45:40,396] [INFO] [config.py:958:print]   data_efficiency_config ....... {'enabled': False, 'seed': 1234, 'data_sampling': {'enabled': False, 'num_epochs': 1000, 'num_workers': 0, 'pin_memory': False, 'curriculum_learning': {'enabled': False}, 'dynamic_batching': {'enabled': False, 'lr_scaling_method': 'linear', 'min_batch_size': 1, 'max_batch_size': None, 'sequence_picking_order': 'dataloader', 'verbose': False}}, 'data_routing': {'enabled': False, 'random_ltd': {'enabled': False, 'layer_token_lr_schedule': {'enabled': False}}}}
[2025-08-20 08:45:40,396] [INFO] [config.py:958:print]   data_efficiency_enabled ...... False
[2025-08-20 08:45:40,396] [INFO] [config.py:958:print]   dataloader_drop_last ......... False
[2025-08-20 08:45:40,397] [INFO] [config.py:958:print]   disable_allgather ............ False
[2025-08-20 08:45:40,397] [INFO] [config.py:958:print]   dump_state ................... False
[2025-08-20 08:45:40,397] [INFO] [config.py:958:print]   eigenvalue_enabled ........... False
[2025-08-20 08:45:40,397] [INFO] [config.py:958:print]   eigenvalue_gas_boundary_resolution  1
[2025-08-20 08:45:40,397] [INFO] [config.py:958:print]   eigenvalue_layer_name ........ bert.encoder.layer
[2025-08-20 08:45:40,397] [INFO] [config.py:958:print]   eigenvalue_layer_num ......... 0
[2025-08-20 08:45:40,397] [INFO] [config.py:958:print]   eigenvalue_max_iter .......... 100
[2025-08-20 08:45:40,397] [INFO] [config.py:958:print]   eigenvalue_stability ......... 1e-06
[2025-08-20 08:45:40,398] [INFO] [config.py:958:print]   eigenvalue_tol ............... 0.01
[2025-08-20 08:45:40,398] [INFO] [config.py:958:print]   eigenvalue_verbose ........... False
[2025-08-20 08:45:40,398] [INFO] [config.py:958:print]   elasticity_enabled ........... False
[2025-08-20 08:45:40,398] [INFO] [config.py:958:print]   float16_config ............... enabled=False auto_cast=False loss_scale=0.0 initial_scale_power=16 loss_scale_window=1000 hysteresis=2 consecutive_hysteresis=False min_loss_scale=1 fp16_master_weights_and_grads=False
[2025-08-20 08:45:40,398] [INFO] [config.py:958:print]   flops_profiler_config ........ {
    "enabled": false, 
    "recompute_fwd_factor": 0.0, 
    "profile_step": 1, 
    "module_depth": -1, 
    "top_modules": 1, 
    "detailed": true, 
    "output_file": null
}
[2025-08-20 08:45:40,398] [INFO] [config.py:958:print]   global_rank .................. 0
[2025-08-20 08:45:40,399] [INFO] [config.py:958:print]   grad_accum_dtype ............. None
[2025-08-20 08:45:40,399] [INFO] [config.py:958:print]   gradient_accumulation_steps .. 2
[2025-08-20 08:45:40,399] [INFO] [config.py:958:print]   gradient_clipping ............ 1.0
[2025-08-20 08:45:40,399] [INFO] [config.py:958:print]   gradient_predivide_factor .... 1.0
[2025-08-20 08:45:40,399] [INFO] [config.py:958:print]   graph_harvesting ............. False
[2025-08-20 08:45:40,399] [INFO] [config.py:958:print]   hybrid_engine ................ enabled=False max_out_tokens=512 inference_tp_size=1 release_inference_cache=False pin_parameters=True tp_gather_partition_size=8
[2025-08-20 08:45:40,399] [INFO] [config.py:958:print]   load_universal_checkpoint .... False
[2025-08-20 08:45:40,399] [INFO] [config.py:958:print]   memory_breakdown ............. False
[2025-08-20 08:45:40,399] [INFO] [config.py:958:print]   mics_hierarchial_params_gather  False
[2025-08-20 08:45:40,399] [INFO] [config.py:958:print]   mics_shard_size .............. -1
[2025-08-20 08:45:40,399] [INFO] [config.py:958:print]   monitor_config ............... tensorboard=TensorBoardConfig(enabled=False, output_path='/ds_tensorboard_logs/', job_name='_tensorboard') comet=CometConfig(enabled=False, samples_log_interval=100, project=None, workspace=None, api_key=None, experiment_name=None, experiment_key=None, online=None, mode=None) wandb=WandbConfig(enabled=False, group=None, team=None, project='deepspeed') csv_monitor=CSVConfig(enabled=False, output_path='', job_name='DeepSpeedJobName')
[2025-08-20 08:45:40,399] [INFO] [config.py:958:print]   nebula_config ................ {
    "enabled": false, 
    "persistent_storage_path": null, 
    "persistent_time_interval": 100, 
    "num_of_version_in_retention": 2, 
    "enable_nebula_load": true, 
    "load_path": null
}
[2025-08-20 08:45:40,399] [INFO] [config.py:958:print]   optimizer_legacy_fusion ...... False
[2025-08-20 08:45:40,399] [INFO] [config.py:958:print]   optimizer_name ............... None
[2025-08-20 08:45:40,399] [INFO] [config.py:958:print]   optimizer_params ............. None
[2025-08-20 08:45:40,399] [INFO] [config.py:958:print]   pipeline ..................... {'stages': 'auto', 'partition': 'best', 'seed_layers': False, 'activation_checkpoint_interval': 0, 'pipe_partitioned': True, 'grad_partitioned': True}
[2025-08-20 08:45:40,400] [INFO] [config.py:958:print]   pld_enabled .................. False
[2025-08-20 08:45:40,400] [INFO] [config.py:958:print]   pld_params ................... False
[2025-08-20 08:45:40,400] [INFO] [config.py:958:print]   prescale_gradients ........... False
[2025-08-20 08:45:40,400] [INFO] [config.py:958:print]   scheduler_name ............... None
[2025-08-20 08:45:40,400] [INFO] [config.py:958:print]   scheduler_params ............. None
[2025-08-20 08:45:40,400] [INFO] [config.py:958:print]   seq_parallel_communication_data_type  torch.float32
[2025-08-20 08:45:40,401] [INFO] [config.py:958:print]   sparse_attention ............. None
[2025-08-20 08:45:40,401] [INFO] [config.py:958:print]   sparse_gradients_enabled ..... False
[2025-08-20 08:45:40,401] [INFO] [config.py:958:print]   steps_per_print .............. 50
[2025-08-20 08:45:40,401] [INFO] [config.py:958:print]   tensor_parallel_config ....... dtype=torch.float16 autotp_size=0 tp_overlap_comm=False tensor_parallel=TPConfig(tp_size=1, tp_grain_size=1, mpu=None, tp_group=None) injection_policy_tuple=None keep_module_on_host=False replace_with_kernel_inject=False
[2025-08-20 08:45:40,401] [INFO] [config.py:958:print]   timers_config ................ enabled=True synchronized=True
[2025-08-20 08:45:40,401] [INFO] [config.py:958:print]   torch_autocast_dtype ......... None
[2025-08-20 08:45:40,401] [INFO] [config.py:958:print]   torch_autocast_enabled ....... False
[2025-08-20 08:45:40,402] [INFO] [config.py:958:print]   torch_autocast_lower_precision_safe_modules  None
[2025-08-20 08:45:40,402] [INFO] [config.py:958:print]   train_batch_size ............. 768
[2025-08-20 08:45:40,402] [INFO] [config.py:958:print]   train_micro_batch_size_per_gpu  48
[2025-08-20 08:45:40,402] [INFO] [config.py:958:print]   use_data_before_expert_parallel_  False
[2025-08-20 08:45:40,402] [INFO] [config.py:958:print]   use_node_local_storage ....... False
[2025-08-20 08:45:40,402] [INFO] [config.py:958:print]   wall_clock_breakdown ......... False
[2025-08-20 08:45:40,402] [INFO] [config.py:958:print]   weight_quantization_config ... None
[2025-08-20 08:45:40,403] [INFO] [config.py:958:print]   world_size ................... 8
[2025-08-20 08:45:40,403] [INFO] [config.py:958:print]   zero_allow_untested_optimizer  False
[2025-08-20 08:45:40,403] [INFO] [config.py:958:print]   zero_config .................. stage=2 contiguous_gradients=True reduce_scatter=True reduce_bucket_size=500000000 use_multi_rank_bucket_allreduce=True allgather_partitions=True allgather_bucket_size=500000000 overlap_comm=False load_from_fp32_weights=True elastic_checkpoint=False offload_param=DeepSpeedZeroOffloadParamConfig(device='none', nvme_path=None, buffer_count=5, buffer_size=100000000, max_in_cpu=1000000000, pin_memory=False) offload_optimizer=DeepSpeedZeroOffloadOptimizerConfig(device='none', nvme_path=None, buffer_count=4, pin_memory=False, pipeline_read=False, pipeline_write=False, fast_init=False, ratio=1.0) sub_group_size=1000000000 cpu_offload_param=None cpu_offload_use_pin_memory=None cpu_offload=None prefetch_bucket_size=30000000 param_persistence_threshold=10000 model_persistence_threshold=9223372036854775807 max_live_parameters=30000000 max_reuse_distance=1000000000 gather_16bit_weights_on_model_save=False module_granularity_threshold=0 use_all_reduce_for_fetch_params=False stage3_gather_fp16_weights_on_model_save=False ignore_unused_parameters=True legacy_stage1=False round_robin_gradients=False zero_hpz_partition_size=1 zero_quantized_weights=False zero_quantized_nontrainable_weights=False zero_quantized_gradients=False zeropp_loco_param=None mics_shard_size=-1 mics_hierarchical_params_gather=False memory_efficient_linear=False pipeline_loading_checkpoint=False override_module_apply=True log_trace_cache_warnings=False
[2025-08-20 08:45:40,403] [INFO] [config.py:958:print]   zero_enabled ................. True
[2025-08-20 08:45:40,404] [INFO] [config.py:958:print]   zero_force_ds_cpu_optimizer .. True
[2025-08-20 08:45:40,404] [INFO] [config.py:958:print]   zero_optimization_stage ...... 2
[2025-08-20 08:45:40,404] [INFO] [config.py:944:print_user_config]   json = {
    "steps_per_print": 50, 
    "zero_optimization": {
        "stage": 2, 
        "offload_param": {
            "device": "none"
        }, 
        "offload_optimizer": {
            "device": "none"
        }, 
        "stage3_param_persistence_threshold": 1.000000e+04, 
        "stage3_max_live_parameters": 3.000000e+07, 
        "stage3_prefetch_bucket_size": 3.000000e+07, 
        "memory_efficient_linear": false
    }, 
    "bfloat16": {
        "enabled": true
    }, 
    "gradient_clipping": 1.0, 
    "prescale_gradients": false, 
    "wall_clock_breakdown": false, 
    "hybrid_engine": {
        "enabled": false, 
        "max_out_tokens": 512, 
        "inference_tp_size": 1, 
        "release_inference_cache": false, 
        "pin_parameters": true, 
        "tp_gather_partition_size": 8
    }, 
    "tensorboard": {
        "enabled": false, 
        "output_path": "/ds_tensorboard_logs/", 
        "job_name": "_tensorboard"
    }, 
    "train_micro_batch_size_per_gpu": 48, 
    "gradient_accumulation_steps": 2
}
Start training for 20 epochs
Asking to truncate to max_length but no maximum length is provided and the model has no predefined maximum length. Default to no truncation.
Asking to truncate to max_length but no maximum length is provided and the model has no predefined maximum length. Default to no truncation.
Asking to truncate to max_length but no maximum length is provided and the model has no predefined maximum length. Default to no truncation.
Asking to truncate to max_length but no maximum length is provided and the model has no predefined maximum length. Default to no truncation.
Asking to truncate to max_length but no maximum length is provided and the model has no predefined maximum length. Default to no truncation.
[2025-08-20 08:46:37,029] [INFO] [launch.py:319:sigkill_handler] Killing subprocess 969769
[2025-08-20 08:46:37,734] [INFO] [launch.py:319:sigkill_handler] Killing subprocess 969770
[2025-08-20 08:46:37,806] [INFO] [launch.py:319:sigkill_handler] Killing subprocess 969771
[2025-08-20 08:46:37,848] [INFO] [launch.py:319:sigkill_handler] Killing subprocess 969772
[2025-08-20 08:46:37,880] [INFO] [launch.py:319:sigkill_handler] Killing subprocess 969773
[2025-08-20 08:46:37,880] [INFO] [launch.py:319:sigkill_handler] Killing subprocess 969774
[2025-08-20 08:46:38,521] [INFO] [launch.py:319:sigkill_handler] Killing subprocess 969775
[2025-08-20 08:46:38,593] [INFO] [launch.py:319:sigkill_handler] Killing subprocess 969776
[2025-08-20 08:46:39,282] [ERROR] [launch.py:325:sigkill_handler] ['/home/ubuntu/miniconda3/envs/unisign/bin/python3', '-u', 'pre_training.py', '--local_rank=7', '--batch-size', '48', '--gradient-accumulation-steps', '2', '--epochs', '20', '--opt', 'AdamW', '--lr', '3e-4', '--quick_break', '2048', '--output_dir', 'out/stage1_pretraining', '--dataset', 'CSL_News'] exits with return code = -15
